<html>
<body>
<pre>
<h1>µVision Build Log</h1>
<h2>Project:</h2>
D:\TIVA\GitHub_Projects\I2C\I2C.uvproj
Project File Date:  12/18/2016

<h2>Output:</h2>
Rebuild target 'Target 1'
assembling startup_TM4C123.s...
compiling I2C_main.c...
compiling system_TM4C123.c...
compiling PLL.c...
compiling UART.c...
linking...
Program Size: Code=2112 RO-data=652 RW-data=4 ZI-data=612  
".\I2C.axf" - 0 Error(s), 0 Warning(s).
Load "D:\\TIVA\\GitHub_Projects\\I2C\\I2C.axf" 
Connecting: Mode=JTAG, Speed=1000000Hz
Erase Done.
Programming Done.
Verify OK.
list image symbols.
Finished: 1 information, 0 warning and 3 error messages.
".\I2C.axf" - 3 Error(s), 0 Warning(s).
Target not created

Verify OK.
